[map.jaquelinesalles.com.br/wp/index.html]
[backblue.gif]
[fade.gif]
[index.html]
[map.jaquelinesalles.com.br/wp/wp-json/oembed/1.0/embed50d4.json]
[map.jaquelinesalles.com.br/wp/wp-json/oembed/1.0/embed1f7f]
[map.jaquelinesalles.com.br/wp/wp-content/themes/hello-elementor/assets/css/reset4c8b.css]
[map.jaquelinesalles.com.br/wp/wp-content/themes/hello-elementor/assets/css/theme4c8b.css]
[map.jaquelinesalles.com.br/wp/wp-content/themes/hello-elementor/assets/css/header-footer4c8b.css]
[map.jaquelinesalles.com.br/wp/wp-content/plugins/elementor/assets/css/frontend.mindba3.css]
[map.jaquelinesalles.com.br/wp/comments/feed/index.html]
[map.jaquelinesalles.com.br/wp/feed/index.html]
[map.jaquelinesalles.com.br/wp/wp-content/uploads/elementor/css/post-8923a.css]
[map.jaquelinesalles.com.br/wp/wp-content/plugins/elementor/assets/css/widget-heading.mindba3.css]
[map.jaquelinesalles.com.br/wp/wp-content/plugins/elementor/assets/css/widget-image-box.mindba3.css]
[map.jaquelinesalles.com.br/wp/wp-content/plugins/elementor/assets/css/widget-image.mindba3.css]
[map.jaquelinesalles.com.br/wp/wp-content/plugins/elementor/assets/css/widget-icon-list.mindba3.css]
[map.jaquelinesalles.com.br/wp/wp-content/plugins/elementor/assets/css/widget-video.mindba3.css]
[map.jaquelinesalles.com.br/wp/wp-content/plugins/elementor/assets/css/widget-icon-box.mindba3.css]
[map.jaquelinesalles.com.br/wp/wp-content/plugins/elementor/assets/css/widget-nested-accordion.mindba3.css]
[map.jaquelinesalles.com.br/wp/wp-content/uploads/elementor/css/post-84ac8e.css]
[map.jaquelinesalles.com.br/wp/wp-content/plugins/happy-elementor-addons/assets/fonts/style.minde53.css]
[map.jaquelinesalles.com.br/wp/wp-content/plugins/elementor/assets/lib/font-awesome/css/font-awesome.min1849.css]
[map.jaquelinesalles.com.br/wp/wp-content/uploads/elementor/google-fonts/css/robotocd65.css]
[map.jaquelinesalles.com.br/wp/wp-content/uploads/elementor/google-fonts/css/robotoslab64a9.css]
[map.jaquelinesalles.com.br/wp/wp-content/uploads/elementor/google-fonts/css/playfairdisplay6a18.css]
[map.jaquelinesalles.com.br/wp/wp-content/uploads/elementor/google-fonts/css/robotoserif6d80.css]
[map.jaquelinesalles.com.br/wp/wp-content/uploads/elementor/google-fonts/css/soraf5bb.css]
[map.jaquelinesalles.com.br/wp/wp-content/uploads/elementor/google-fonts/css/dmseriftextf5bb.css]
[map.jaquelinesalles.com.br/wp/wp-includes/js/jquery/jquery.minf43b.js]
[map.jaquelinesalles.com.br/wp/wp-includes/js/jquery/jquery-migrate.min5589.js]
[map.jaquelinesalles.com.br/wp/wp-content/plugins/happy-elementor-addons/assets/vendor/dom-purify/purify.min005e.js]
[map.jaquelinesalles.com.br/wp/wp-json/wp/v2/pages/84.json]
[map.jaquelinesalles.com.br/wp/wp-json/index.html]
[map.jaquelinesalles.com.br/wp/xmlrpc0db0.php]
[map.jaquelinesalles.com.br/wp/wp-content/uploads/2026/01/tecnicas-2.webp]
[map.jaquelinesalles.com.br/wp/wp-content/uploads/2026/01/mULHER-DECIDIDA-3.webp]
[map.jaquelinesalles.com.br/wp/wp-content/uploads/2026/01/foto-jaqueline-3.webp]
[map.jaquelinesalles.com.br/wp/wp-content/uploads/2026/01/ChatGPT-Image-26-de-dez.-de-2025-15_57_15-1.jpg]
[map.jaquelinesalles.com.br/wp/wp-content/uploads/2026/01/Garantia.webp]
[map.jaquelinesalles.com.br/wp/wp-content/themes/hello-elementor/assets/js/hello-frontend4c8b.js]
[map.jaquelinesalles.com.br/wp/wp-content/plugins/elementor/assets/js/webpack.runtime.mindba3.js]
[map.jaquelinesalles.com.br/wp/wp-content/plugins/elementor/assets/js/frontend-modules.mindba3.js]
[map.jaquelinesalles.com.br/wp/wp-includes/js/jquery/ui/core.minb37e.js]
[map.jaquelinesalles.com.br/wp/wp-content/plugins/elementor/assets/js/frontend.mindba3.js]
[map.jaquelinesalles.com.br/wp/wp-content/plugins/happy-elementor-addons/assets/js/extension-reading-progress-bar.minde53.js]
[map.jaquelinesalles.com.br/wp/wp-content/plugins/happy-elementor-addons/assets/js/happy-addons.minde53.js]
[map.jaquelinesalles.com.br/wp/wp-content/plugins/pro-elements/assets/js/webpack-pro.runtime.mine7a7.js]
[map.jaquelinesalles.com.br/wp/wp-includes/js/dist/hooks.minaf5f.js]
[map.jaquelinesalles.com.br/wp/wp-includes/js/dist/i18n.min1cde.js]
[map.jaquelinesalles.com.br/wp/wp-content/plugins/pro-elements/assets/js/frontend.mine7a7.js]
[map.jaquelinesalles.com.br/wp/wp-content/plugins/pro-elements/assets/js/elements-handlers.mine7a7.js]
[map.jaquelinesalles.com.br/wp/index.html]
[map.jaquelinesalles.com.br/wp/wp-content/themes/hello-elementor/assets/css/reset4c8b.css]
[map.jaquelinesalles.com.br/wp/wp-content/themes/hello-elementor/assets/css/theme4c8b.css]
[map.jaquelinesalles.com.br/wp/wp-content/themes/hello-elementor/assets/css/header-footer4c8b.css]
[map.jaquelinesalles.com.br/wp/wp-content/plugins/elementor/assets/css/frontend.mindba3.css]
[map.jaquelinesalles.com.br/wp/wp-content/uploads/elementor/css/post-8923a.css]
[map.jaquelinesalles.com.br/wp/wp-content/plugins/elementor/assets/css/widget-heading.mindba3.css]
[map.jaquelinesalles.com.br/wp/wp-content/plugins/elementor/assets/css/widget-image-box.mindba3.css]
[map.jaquelinesalles.com.br/wp/wp-content/plugins/elementor/assets/css/widget-image.mindba3.css]
[map.jaquelinesalles.com.br/wp/wp-content/plugins/elementor/assets/css/widget-icon-list.mindba3.css]
[map.jaquelinesalles.com.br/wp/wp-content/plugins/elementor/assets/css/widget-video.mindba3.css]
[map.jaquelinesalles.com.br/wp/wp-content/plugins/elementor/assets/css/widget-icon-box.mindba3.css]
[map.jaquelinesalles.com.br/wp/wp-content/plugins/elementor/assets/css/widget-nested-accordion.mindba3.css]
[map.jaquelinesalles.com.br/wp/wp-content/uploads/2026/01/novo-Bg-jaqueline.webp]
[map.jaquelinesalles.com.br/wp/wp-content/uploads/2026/01/Dobra-4.webp]
[map.jaquelinesalles.com.br/wp/wp-content/uploads/2026/01/mulher.webp]
[map.jaquelinesalles.com.br/wp/wp-content/uploads/2026/01/caminha-mulher-jaque-modificado-1.webp]
[map.jaquelinesalles.com.br/wp/wp-content/uploads/2026/01/EBOOK.webp]
[map.jaquelinesalles.com.br/wp/wp-content/uploads/2026/01/Jaqueline-mob-teste.webp]
[map.jaquelinesalles.com.br/wp/wp-content/uploads/2026/02/teste-celular-2.webp]
[map.jaquelinesalles.com.br/wp/wp-content/uploads/2026/02/teste-dobra-mockup.png]
[map.jaquelinesalles.com.br/wp/wp-content/uploads/elementor/css/post-84ac8e.css]
[map.jaquelinesalles.com.br/wp/wp-content/plugins/happy-elementor-addons/assets/fonts/happy-icons.woff2]
[map.jaquelinesalles.com.br/wp/wp-content/plugins/happy-elementor-addons/assets/fonts/happy-icons.woff]
[map.jaquelinesalles.com.br/wp/wp-content/plugins/happy-elementor-addons/assets/fonts/style.minde53.css]
[map.jaquelinesalles.com.br/wp/wp-content/plugins/elementor/assets/lib/font-awesome/fonts/fontawesome-webfont3e6e.eot]
[map.jaquelinesalles.com.br/wp/wp-content/plugins/elementor/assets/lib/font-awesome/fonts/fontawesome-webfontd41d.eot]
[map.jaquelinesalles.com.br/wp/wp-content/plugins/elementor/assets/lib/font-awesome/fonts/fontawesome-webfont3e6e.woff2]
[map.jaquelinesalles.com.br/wp/wp-content/plugins/elementor/assets/lib/font-awesome/fonts/fontawesome-webfont3e6e.woff]
[map.jaquelinesalles.com.br/wp/wp-content/plugins/elementor/assets/lib/font-awesome/fonts/fontawesome-webfont3e6e.ttf]
[map.jaquelinesalles.com.br/wp/wp-content/plugins/elementor/assets/lib/font-awesome/css/font-awesome.min1849.css]
[map.jaquelinesalles.com.br/wp/wp-content/uploads/elementor/google-fonts/fonts/roboto-8793de20.woff2]
[map.jaquelinesalles.com.br/wp/wp-content/uploads/elementor/google-fonts/fonts/roboto-504849d7.woff2]
[map.jaquelinesalles.com.br/wp/wp-content/uploads/elementor/google-fonts/fonts/roboto-91b02774.woff2]
[map.jaquelinesalles.com.br/wp/wp-content/uploads/elementor/google-fonts/fonts/roboto-3023b9b5.woff2]
[map.jaquelinesalles.com.br/wp/wp-content/uploads/elementor/google-fonts/fonts/roboto-adb10c2d.woff2]
[map.jaquelinesalles.com.br/wp/wp-content/uploads/elementor/google-fonts/fonts/roboto-201f405c.woff2]
[map.jaquelinesalles.com.br/wp/wp-content/uploads/elementor/google-fonts/fonts/roboto-f99b850d.woff2]
[map.jaquelinesalles.com.br/wp/wp-content/uploads/elementor/google-fonts/fonts/roboto-1e5ae9a4.woff2]
[map.jaquelinesalles.com.br/wp/wp-content/uploads/elementor/google-fonts/fonts/roboto-a3b1f4cc.woff2]
[map.jaquelinesalles.com.br/wp/wp-content/uploads/elementor/google-fonts/fonts/roboto-31aab863.woff2]
[map.jaquelinesalles.com.br/wp/wp-content/uploads/elementor/google-fonts/fonts/roboto-d22c99ac.woff2]
[map.jaquelinesalles.com.br/wp/wp-content/uploads/elementor/google-fonts/fonts/roboto-a74aaeab.woff2]
[map.jaquelinesalles.com.br/wp/wp-content/uploads/elementor/google-fonts/fonts/roboto-abb3ec17.woff2]
[map.jaquelinesalles.com.br/wp/wp-content/uploads/elementor/google-fonts/fonts/roboto-e9c93e18.woff2]
[map.jaquelinesalles.com.br/wp/wp-content/uploads/elementor/google-fonts/fonts/roboto-d5e63dc8.woff2]
[map.jaquelinesalles.com.br/wp/wp-content/uploads/elementor/google-fonts/fonts/roboto-d3e32451.woff2]
[map.jaquelinesalles.com.br/wp/wp-content/uploads/elementor/google-fonts/fonts/roboto-5d3c5f2c.woff2]
[map.jaquelinesalles.com.br/wp/wp-content/uploads/elementor/google-fonts/fonts/roboto-f1a1114d.woff2]
[map.jaquelinesalles.com.br/wp/wp-content/uploads/elementor/google-fonts/css/robotocd65.css]
[map.jaquelinesalles.com.br/wp/wp-content/uploads/elementor/google-fonts/fonts/robotoslab-56de4385.woff2]
[map.jaquelinesalles.com.br/wp/wp-content/uploads/elementor/google-fonts/fonts/robotoslab-fa7c06b8.woff2]
[map.jaquelinesalles.com.br/wp/wp-content/uploads/elementor/google-fonts/fonts/robotoslab-ca82665f.woff2]
[map.jaquelinesalles.com.br/wp/wp-content/uploads/elementor/google-fonts/fonts/robotoslab-cb40bc4b.woff2]
[map.jaquelinesalles.com.br/wp/wp-content/uploads/elementor/google-fonts/fonts/robotoslab-429238b9.woff2]
[map.jaquelinesalles.com.br/wp/wp-content/uploads/elementor/google-fonts/fonts/robotoslab-ef584ac5.woff2]
[map.jaquelinesalles.com.br/wp/wp-content/uploads/elementor/google-fonts/fonts/robotoslab-c5e794db.woff2]
[map.jaquelinesalles.com.br/wp/wp-content/uploads/elementor/google-fonts/css/robotoslab64a9.css]
[map.jaquelinesalles.com.br/wp/wp-content/uploads/elementor/google-fonts/fonts/playfairdisplay-bd791f6c.woff2]
[map.jaquelinesalles.com.br/wp/wp-content/uploads/elementor/google-fonts/fonts/playfairdisplay-e469a5d3.woff2]
[map.jaquelinesalles.com.br/wp/wp-content/uploads/elementor/google-fonts/fonts/playfairdisplay-2d6d99f2.woff2]
[map.jaquelinesalles.com.br/wp/wp-content/uploads/elementor/google-fonts/fonts/playfairdisplay-d1436136.woff2]
[map.jaquelinesalles.com.br/wp/wp-content/uploads/elementor/google-fonts/fonts/playfairdisplay-638ff05b.woff2]
[map.jaquelinesalles.com.br/wp/wp-content/uploads/elementor/google-fonts/fonts/playfairdisplay-b23708ec.woff2]
[map.jaquelinesalles.com.br/wp/wp-content/uploads/elementor/google-fonts/fonts/playfairdisplay-ca741028.woff2]
[map.jaquelinesalles.com.br/wp/wp-content/uploads/elementor/google-fonts/fonts/playfairdisplay-61a96359.woff2]
[map.jaquelinesalles.com.br/wp/wp-content/uploads/elementor/google-fonts/css/playfairdisplay6a18.css]
[map.jaquelinesalles.com.br/wp/wp-content/uploads/elementor/google-fonts/fonts/robotoserif-01206684.woff2]
[map.jaquelinesalles.com.br/wp/wp-content/uploads/elementor/google-fonts/fonts/robotoserif-6828f10a.woff2]
[map.jaquelinesalles.com.br/wp/wp-content/uploads/elementor/google-fonts/fonts/robotoserif-53146363.woff2]
[map.jaquelinesalles.com.br/wp/wp-content/uploads/elementor/google-fonts/fonts/robotoserif-72e74db1.woff2]
[map.jaquelinesalles.com.br/wp/wp-content/uploads/elementor/google-fonts/fonts/robotoserif-071a82fb.woff2]
[map.jaquelinesalles.com.br/wp/wp-content/uploads/elementor/google-fonts/fonts/robotoserif-bae46605.woff2]
[map.jaquelinesalles.com.br/wp/wp-content/uploads/elementor/google-fonts/fonts/robotoserif-208c495c.woff2]
[map.jaquelinesalles.com.br/wp/wp-content/uploads/elementor/google-fonts/fonts/robotoserif-5707119a.woff2]
[map.jaquelinesalles.com.br/wp/wp-content/uploads/elementor/google-fonts/fonts/robotoserif-660f7fda.woff2]
[map.jaquelinesalles.com.br/wp/wp-content/uploads/elementor/google-fonts/fonts/robotoserif-460039f3.woff2]
[map.jaquelinesalles.com.br/wp/wp-content/uploads/elementor/google-fonts/css/robotoserif6d80.css]
[map.jaquelinesalles.com.br/wp/wp-content/uploads/elementor/google-fonts/fonts/sora-c07681a2.woff2]
[map.jaquelinesalles.com.br/wp/wp-content/uploads/elementor/google-fonts/fonts/sora-c7aee659.woff2]
[map.jaquelinesalles.com.br/wp/wp-content/uploads/elementor/google-fonts/css/soraf5bb.css]
[map.jaquelinesalles.com.br/wp/wp-content/uploads/elementor/google-fonts/fonts/dmseriftext-beae0c5d.woff2]
[map.jaquelinesalles.com.br/wp/wp-content/uploads/elementor/google-fonts/fonts/dmseriftext-312da66b.woff2]
[map.jaquelinesalles.com.br/wp/wp-content/uploads/elementor/google-fonts/fonts/dmseriftext-40192bd7.woff2]
[map.jaquelinesalles.com.br/wp/wp-content/uploads/elementor/google-fonts/fonts/dmseriftext-820a1a6b.woff2]
[map.jaquelinesalles.com.br/wp/wp-content/uploads/elementor/google-fonts/css/dmseriftextf5bb.css]
[map.jaquelinesalles.com.br/wp/wp-content/plugins/happy-elementor-addons/assets/fonts/happy-icons.svg]
[map.jaquelinesalles.com.br/wp/wp-content/plugins/elementor/assets/lib/font-awesome/fonts/fontawesome-webfont3e6e.svg]
